../Src/Bootloader_Program.c:22:6:BL_FeatchHostCmd	208	static
../Src/Bootloader_Program.c:44:4:BL_u8CRC	40	static
../Src/Bootloader_Program.c:64:6:BL_voidSendACK	24	static
../Src/Bootloader_Program.c:73:6:BL_voidSendNACK	8	static
../Src/Bootloader_Program.c:78:6:BL_voidGetVersion	32	static
../Src/Bootloader_Program.c:99:6:BL_voidGetHelp	40	static
../Src/Bootloader_Program.c:127:6:BL_voidGetChipID	32	static
../Src/Bootloader_Program.c:145:4:BL_u8ExcuteFlashErase	24	static
../Src/Bootloader_Program.c:185:4:BL_voidFlashErase	24	static
../Src/Bootloader_Program.c:212:4:BL_voidFlashWrite	24	static
../Src/Bootloader_Program.c:240:4:BL_AddressVarification	24	static
../Src/Bootloader_Program.c:254:4:BL_u8ExcuteFlashPayloadWrite	56	static
