../Src/USART_Program.c:24:6:USART_voidInitialization	96	static
../Src/USART_Program.c:56:6:USART_Enable	16	static
../Src/USART_Program.c:61:6:USART_Disable	16	static
../Src/USART_Program.c:66:6:USART_voidTransmitByte	16	static
../Src/USART_Program.c:77:6:USART_voidTransmitString	24	static
../Src/USART_Program.c:88:6:USART_u8TransmitArraySynch	32	static
../Src/USART_Program.c:97:4:USART_u8ReceiveByteSynchNonBlocking	24	static
../Src/USART_Program.c:114:6:USART_u8ReceiveByteSynchBlocking	16	static
../Src/USART_Program.c:124:6:USART_voidReceiveArraySynch	32	static
../Src/USART_Program.c:133:4:USART_u8CheckReceived	16	static
../Src/USART_Program.c:142:6:USART_RxInterruptStatus	16	static
../Src/USART_Program.c:151:6:USART_voidClearFlags	16	static
../Src/USART_Program.c:156:4:USART_u8ReadDataRegister	16	static
../Src/USART_Program.c:161:6:USART1_voidSetCallBack	16	static
../Src/USART_Program.c:166:6:USART2_voidSetCallBack	16	static
../Src/USART_Program.c:171:6:USART6_voidSetCallBack	16	static
../Src/USART_Program.c:177:6:USART1_IRQHandler	8	static
../Src/USART_Program.c:184:6:USART2_IRQHandler	8	static
../Src/USART_Program.c:191:6:USART6_IRQHandler	8	static
